ACTIVE SESSIONS:
ws-long workspace=…g/path/github.com/duck8823/traceary agent=codex client=claude started=12:00:00 latest=12:15:00 events=165 last=command_executed: go test ./... idle
ws-empty workspace=duck8823/traceary agent=- client=claude started=14:00:00 latest=14:00:00 events=0 last=- idle
ws-parent-ended workspace=duck8823/traceary agent=claude client=claude started=15:00:00 latest=15:30:00 events=42 last=session_ended: duration=29m21s idle
└── ws-child-active workspace=duck8823/traceary agent=claude/explore client=claude started=15:10:00 latest=15:25:00 events=7 last=transcript: investigating panic in usecase layer idle

RECENT FAILURES:
12:15:00 command_executed go test ./... [exit=1]

RECENT COMMANDS:
12:20:00 command_executed go build ./...

CANDIDATE MEMORIES (count=1 remember_intent=1):
mem-1 preference prefer table-driven subtests

STALE MEMORIES (count=3):
mem-stale-1 decision workspace:duck8823/traceary superseded superseded rollout note
