RELIABILITY:
- stale_active_sessions=0 hint="ok"
- memory_counts accepted=0 candidate=1 accepted_ratio=0% hint="review memory candidates with `traceary memory inbox review` and cleanup old candidates with `traceary memory inbox cleanup --dry-run`"
- candidate_age count=1 oldest=2026-04-10T12:00:00Z newest=2026-04-10T12:00:00Z avg_age=6h0m hint="prioritize older memory candidates first"
- large_payloads count=0 recent_commands=0 recent_failures=0 sampled=2 body_limit=500 hint="inspect full payloads with `traceary show <event_id>`; keep command output concise for handoff/top surfaces"

ACTIVE SESSIONS:
ws-long name="refactor session handoff" workspace=…g/path/github.com/duck8823/traceary agent=codex client=claude started=12:00:00 latest=12:15:00 events=165 last=command_executed: go test ./... idle
ws-empty name="duck8823/traceary" workspace=duck8823/traceary agent=- client=claude started=14:00:00 latest=14:00:00 events=0 last=- idle
ws-parent-ended name="investigate failing tests" workspace=duck8823/traceary agent=claude client=claude started=15:00:00 latest=15:30:00 events=42 last=session_ended: duration=29m21s idle
└── ws-child-active name="explore" workspace=duck8823/traceary agent=claude/explore client=claude started=15:10:00 latest=15:25:00 events=7 last=transcript: investigating panic in usecase layer idle

RECENT FAILURES:
12:15:00 command_executed go test ./... [exit=1]

RECENT COMMANDS:
12:20:00 command_executed go build ./...

CANDIDATE MEMORIES (count=1 remember_intent=1):
mem-1 preference prefer table-driven subtests

STALE MEMORIES (count=3):
mem-stale-1 decision workspace:duck8823/traceary superseded superseded rollout note
