TRACEARY HANDOFF
SESSION_ID: session-handoff-golden
WORKSPACE: duck8823/traceary
LABEL: v0.14.0
STATUS: active
TOTAL_EVENTS: 42
COMMAND_COUNT: 9
AGENTS: claude, codex
WORKING_STATE:
- session_summary: Lock CLI/MCP contract surfaces before v1.0.
- compact_summary: Add MCP registry snapshot.
RECENT_COMMANDS:
- go test ./...
- go tool golangci-lint run
RECENT_COMMAND_ITEMS:
- event_id=event-command-golden summary="go test ./..." returned_bytes=13 stored_bytes=80 original_bytes=80 response_truncated=true ingest_truncated=false storage_truncated=false detail="traceary show event-command-golden"
MEMORY_COUNTS: accepted=1 candidate=1
MEMORIES:
- [decision][workspace:duck8823/traceary] Keep handoff format stable for downstream parsers
MEMORY_NEEDS_REVIEW:
- [lesson][workspace:duck8823/traceary] Mark non-accepted entries with a status prefix
